root/sub/test: SUCCESS
root/test: SUCCESS
test: SUCCESS
